// Jest Snapshot v1, https://goo.gl/fbAQLP

exports[`should render add expense page correctly 1`] = `
<main>
  <h2>
    Create Expense
  </h2>
  <Connect(ExpenseForm)
    onSubmit={[Function]}
  />
</main>
`;
