// Jest Snapshot v1, https://goo.gl/fbAQLP

exports[`should render expense dashboard page 1`] = `
<main>
  <h1>
    Expenses
  </h1>
  <Connect(ExpenseListFilters) />
  <Connect(ExpenseList) />
</main>
`;
